[grabify.link/index.html]
[backblue.gif]
[fade.gif]
[index.html]
[grabify.link/images/196.png]
[grabify.link/images/favicon.ico]
[grabify.link/css/allea2f.css]
[grabify.link/js/jquery-3.3.1.min.js]
[grabify.link/js/ads.js]
[pagead2.googlesyndication.com/pagead/js/f.txt]
[cdn.publift.com/fuse/tag/2/1218/fuse.js]
[www.google-analytics.com/analytics.js]
[grabify.link/ip-lookup.html]
[grabify.link/image.html]
[grabify.link/expander.html]
[grabify.link/login.html]
[grabify.link/register.html]
[assets.hcaptcha.com/captcha/v1/88f8cd7/hcaptcha.js]
[grabify.link/tos.html]
[grabify.link/privacy.html]
[grabify.link/donations.html]
[grabify.link/images/paypal.gif]
[i.ytimg.com/vi/nW9-BJsdSb4/sddefault.jpg]
[grabify.link/faq/features.html]
[grabify.link/faq.html]
[grabify.link/js/homepage81d0.js]
[grabify.link/removeme.html]
[grabify.link/index.html]
[grabify.link/css/allea2f.css]
[grabify.link/js/all1af6.js]
[grabify.link/ip-lookup.html]
[grabify.link/image.html]
[grabify.link/expander.html]
[grabify.link/login.html]
[grabify.link/register.html]
[grabify.link/tos.html]
[grabify.link/privacy.html]
[grabify.link/forgot.html]
[maxcdn.bootstrapcdn.com/font-awesome/4.7.0/css/font-awesome.min.css]
[grabify.link/js/donationse2cb.js]
[grabify.link/tiny.cc]
[grabify.link/donations.html]
[grabify.link/faq/features.html]
[grabify.link/faq.html]
[grabify.link/removeme.html]
[grabify.link/forgot.html]
[maxcdn.bootstrapcdn.com/font-awesome/4.7.0/css/font-awesome.min.css]
[grabify.link/tiny.html]
